name: environment-in-parent-dir
version: auto
type: environment
spec: spec.yaml
extra_config: environment.yaml
