$schema: https://azuremlschemas.azureedge.net/latest/environment.schema.json

description: >-
  Test environment.

name: "environment-in-parent-dir"
version: "1"

image: "environment-in-parent-dir:1"

os_type: linux
