name: environment-in-subdir
version: auto
type: environment
spec: spec.yaml
extra_config: environment.yaml
