name: environment-in-subdir
version: 1
type: environment
spec: spec.yaml
extra_config: environment.yaml
